// Jest Snapshot v1, https://goo.gl/fbAQLP

exports[`<RootLayout /> renders as expected 1`] = `
<html
  lang="en"
>
  <body>
    Test
  </body>
</html>
`;
